Analyzing soul_garden...                                        

   info - 'withOpacity' is deprecated and shouldn't be used. Use .withValues() to avoid precision loss - lib\core\widgets\app_card.dart:28:33 - deprecated_member_use
   info - 'withOpacity' is deprecated and shouldn't be used. Use .withValues() to avoid precision loss - lib\core\widgets\app_card.dart:33:33 - deprecated_member_use
warning - Unused import: '../theme/app_theme.dart' - lib\core\widgets\scaffold_with_nav_bar.dart:3:8 - unused_import
   info - The imported package 'intl' isn't a dependency of the importing package - lib\features\garden\presentation\garden_screen.dart:4:8 - depend_on_referenced_packages
  error - Target of URI doesn't exist: 'package:intl/intl.dart' - lib\features\garden\presentation\garden_screen.dart:4:8 - uri_does_not_exist
warning - Unused import: '../../profile/presentation/widgets/streak_card.dart' - lib\features\garden\presentation\garden_screen.dart:8:8 - unused_import
warning - Unused import: '../../profile/presentation/widgets/level_card.dart' - lib\features\garden\presentation\garden_screen.dart:9:8 - unused_import
  error - The named parameter 'onTap' is required, but there's no corresponding argument - lib\features\garden\presentation\garden_screen.dart:154:34 - missing_required_argument
  error - The argument for the named parameter 'color' was already specified - lib\features\garden\presentation\garden_screen.dart:209:18 - duplicate_named_argument
   info - 'withOpacity' is deprecated and shouldn't be used. Use .withValues() to avoid precision loss - lib\features\garden\presentation\garden_screen.dart:209:46 - deprecated_member_use
  error - The getter 'sprout' isn't defined for the type 'Icons' - lib\features\garden\presentation\garden_screen.dart:267:31 - undefined_getter
  error - Target of URI doesn't exist: '../data/mood_entry_model.dart' - lib\features\garden\presentation\widgets\flower_widget.dart:3:8 - uri_does_not_exist
  error - Target of URI doesn't exist: '../../../core/theme/app_theme.dart' - lib\features\garden\presentation\widgets\flower_widget.dart:4:8 - uri_does_not_exist
  error - Undefined class 'MoodEntry' - lib\features\garden\presentation\widgets\flower_widget.dart:7:9 - undefined_class
  error - Undefined name 'AppTheme' - lib\features\garden\presentation\widgets\flower_widget.dart:34:21 - undefined_identifier
   info - The imported package 'intl' isn't a dependency of the importing package - lib\features\journey\presentation\journey_screen.dart:3:8 - depend_on_referenced_packages
  error - Target of URI doesn't exist: 'package:intl/intl.dart' - lib\features\journey\presentation\journey_screen.dart:3:8 - uri_does_not_exist
   info - 'withOpacity' is deprecated and shouldn't be used. Use .withValues() to avoid precision loss - lib\features\journey\presentation\journey_screen.dart:48:51 - deprecated_member_use
   info - 'withOpacity' is deprecated and shouldn't be used. Use .withValues() to avoid precision loss - lib\features\journey\presentation\journey_screen.dart:107:46 - deprecated_member_use
  error - Arguments of a constant creation must be constant expressions - lib\features\journey\presentation\journey_screen.dart:111:31 - const_with_non_constant_argument
  error - The getter 'sprout' isn't defined for the type 'Icons' - lib\features\journey\presentation\journey_screen.dart:111:37 - undefined_getter
   info - 'withOpacity' is deprecated and shouldn't be used. Use .withValues() to avoid precision loss - lib\features\journey\presentation\journey_screen.dart:118:35 - deprecated_member_use
   info - 'withOpacity' is deprecated and shouldn't be used. Use .withValues() to avoid precision loss - lib\features\journey\presentation\journey_screen.dart:127:35 - deprecated_member_use
   info - Statements in an if should be enclosed in a block - lib\features\journey\presentation\journey_screen.dart:137:31 - curly_braces_in_flow_control_structures
   info - Statements in an if should be enclosed in a block - lib\features\journey\presentation\journey_screen.dart:138:36 - curly_braces_in_flow_control_structures
   info - Statements in an if should be enclosed in a block - lib\features\journey\presentation\journey_screen.dart:139:10 - curly_braces_in_flow_control_structures
   info - 'withOpacity' is deprecated and shouldn't be used. Use .withValues() to avoid precision loss - lib\features\journey\presentation\journey_screen.dart:160:41 - deprecated_member_use
  error - Undefined name 'DateFormat' - lib\features\journey\presentation\journey_screen.dart:188:25 - undefined_identifier
   info - 'withOpacity' is deprecated and shouldn't be used. Use .withValues() to avoid precision loss - lib\features\journey\presentation\journey_screen.dart:195:44 - deprecated_member_use
   info - 'withOpacity' is deprecated and shouldn't be used. Use .withValues() to avoid precision loss - lib\features\profile\presentation\profile_screen.dart:36:42 - deprecated_member_use
   info - 'withOpacity' is deprecated and shouldn't be used. Use .withValues() to avoid precision loss - lib\features\profile\presentation\profile_screen.dart:53:56 - deprecated_member_use
   info - 'withOpacity' is deprecated and shouldn't be used. Use .withValues() to avoid precision loss - lib\features\profile\presentation\profile_screen.dart:54:54 - deprecated_member_use
  error - Expected to find ';' - lib\features\profile\presentation\profile_screen.dart:161:7 - expected_token
warning - Dead code - lib\features\profile\presentation\profile_screen.dart:161:8 - dead_code
  error - Expected an identifier - lib\features\profile\presentation\profile_screen.dart:161:8 - missing_identifier
  error - Expected to find ';' - lib\features\profile\presentation\profile_screen.dart:161:8 - expected_token
  error - Unexpected text ';' - lib\features\profile\presentation\profile_screen.dart:161:8 - unexpected_token
  error - Expected an identifier - lib\features\profile\presentation\profile_screen.dart:162:5 - missing_identifier
  error - Unexpected text ';' - lib\features\profile\presentation\profile_screen.dart:162:5 - unexpected_token
   info - Unnecessary empty statement - lib\features\profile\presentation\profile_screen.dart:162:6 - empty_statements
warning - The declaration '_buildStatCard' isn't referenced - lib\features\profile\presentation\profile_screen.dart:165:10 - unused_element
   info - 'withOpacity' is deprecated and shouldn't be used. Use .withValues() to avoid precision loss - lib\features\profile\presentation\widgets\level_card.dart:27:33 - deprecated_member_use
   info - 'withOpacity' is deprecated and shouldn't be used. Use .withValues() to avoid precision loss - lib\features\profile\presentation\widgets\level_card.dart:29:52 - deprecated_member_use
   info - 'withOpacity' is deprecated and shouldn't be used. Use .withValues() to avoid precision loss - lib\features\profile\presentation\widgets\level_card.dart:34:30 - deprecated_member_use
   info - 'withOpacity' is deprecated and shouldn't be used. Use .withValues() to avoid precision loss - lib\features\profile\presentation\widgets\level_card.dart:35:30 - deprecated_member_use
   info - 'withOpacity' is deprecated and shouldn't be used. Use .withValues() to avoid precision loss - lib\features\profile\presentation\widgets\level_card.dart:68:51 - deprecated_member_use
   info - 'withOpacity' is deprecated and shouldn't be used. Use .withValues() to avoid precision loss - lib\features\profile\presentation\widgets\level_card.dart:70:70 - deprecated_member_use
   info - 'withOpacity' is deprecated and shouldn't be used. Use .withValues() to avoid precision loss - lib\features\profile\presentation\widgets\level_card.dart:87:49 - deprecated_member_use
   info - 'withOpacity' is deprecated and shouldn't be used. Use .withValues() to avoid precision loss - lib\features\profile\presentation\widgets\milestone_card.dart:16:35 - deprecated_member_use
   info - 'withOpacity' is deprecated and shouldn't be used. Use .withValues() to avoid precision loss - lib\features\profile\presentation\widgets\milestone_card.dart:17:24 - deprecated_member_use
   info - 'withOpacity' is deprecated and shouldn't be used. Use .withValues() to avoid precision loss - lib\features\profile\presentation\widgets\milestone_card.dart:28:35 - deprecated_member_use
   info - 'withOpacity' is deprecated and shouldn't be used. Use .withValues() to avoid precision loss - lib\features\profile\presentation\widgets\milestone_card.dart:40:36 - deprecated_member_use
   info - 'withOpacity' is deprecated and shouldn't be used. Use .withValues() to avoid precision loss - lib\features\profile\presentation\widgets\milestone_card.dart:59:49 - deprecated_member_use
   info - 'withOpacity' is deprecated and shouldn't be used. Use .withValues() to avoid precision loss - lib\features\profile\presentation\widgets\milestone_card.dart:66:49 - deprecated_member_use
   info - 'withOpacity' is deprecated and shouldn't be used. Use .withValues() to avoid precision loss - lib\features\profile\presentation\widgets\milestone_card.dart:92:44 - deprecated_member_use
   info - 'withOpacity' is deprecated and shouldn't be used. Use .withValues() to avoid precision loss - lib\features\profile\presentation\widgets\milestone_card.dart:99:46 - deprecated_member_use
warning - Unused import: '../../../../core/theme/app_theme.dart' - lib\features\profile\presentation\widgets\streak_card.dart:3:8 - unused_import
   info - 'withOpacity' is deprecated and shouldn't be used. Use .withValues() to avoid precision loss - lib\features\profile\presentation\widgets\streak_card.dart:22:33 - deprecated_member_use
   info - 'withOpacity' is deprecated and shouldn't be used. Use .withValues() to avoid precision loss - lib\features\profile\presentation\widgets\streak_card.dart:24:52 - deprecated_member_use
   info - 'withOpacity' is deprecated and shouldn't be used. Use .withValues() to avoid precision loss - lib\features\profile\presentation\widgets\streak_card.dart:29:30 - deprecated_member_use
   info - 'withOpacity' is deprecated and shouldn't be used. Use .withValues() to avoid precision loss - lib\features\profile\presentation\widgets\streak_card.dart:30:30 - deprecated_member_use
   info - 'withOpacity' is deprecated and shouldn't be used. Use .withValues() to avoid precision loss - lib\features\profile\presentation\widgets\streak_card.dart:39:39 - deprecated_member_use
   info - 'withOpacity' is deprecated and shouldn't be used. Use .withValues() to avoid precision loss - lib\features\profile\presentation\widgets\streak_card.dart:77:33 - deprecated_member_use
  error - Undefined name 'CountOption' - lib\features\rituals\data\rituals_repository.dart:32:16 - undefined_identifier
warning - The value of the local variable 'userId' isn't used - lib\features\rituals\data\rituals_repository.dart:85:12 - unused_local_variable
   info - 'withOpacity' is deprecated and shouldn't be used. Use .withValues() to avoid precision loss - lib\features\rituals\presentation\breathing_screen.dart:93:66 - deprecated_member_use
warning - The value of 'refresh' should be used - lib\features\rituals\presentation\rituals_providers.dart:67:15 - unused_result
   info - The imported package 'intl' isn't a dependency of the importing package - lib\features\shop\presentation\shop_screen.dart:3:8 - depend_on_referenced_packages
  error - Target of URI doesn't exist: 'package:intl/intl.dart' - lib\features\shop\presentation\shop_screen.dart:3:8 - uri_does_not_exist
  error - Undefined name 'DateFormat' - lib\features\shop\presentation\shop_screen.dart:97:41 - undefined_identifier
  error - Expected to find ')' - lib\features\shop\presentation\shop_screen.dart:159:6 - expected_token
warning - Unused import: '../../../../core/widgets/gradient_background.dart' - lib\features\therapy\presentation\therapy_screen.dart:4:8 - unused_import
  error - The getter 'notifier' isn't defined for the type 'Provider<List<ChatMessage>>' - lib\features\therapy\presentation\therapy_screen.dart:33:35 - undefined_getter
   info - 'withOpacity' is deprecated and shouldn't be used. Use .withValues() to avoid precision loss - lib\features\therapy\presentation\therapy_screen.dart:86:59 - deprecated_member_use
  error - Expected to find ';' - lib\features\therapy\presentation\therapy_screen.dart:155:7 - expected_token
warning - Dead code - lib\features\therapy\presentation\therapy_screen.dart:155:8 - dead_code
  error - Expected an identifier - lib\features\therapy\presentation\therapy_screen.dart:155:8 - missing_identifier
  error - Expected to find ';' - lib\features\therapy\presentation\therapy_screen.dart:155:8 - expected_token
  error - Unexpected text ';' - lib\features\therapy\presentation\therapy_screen.dart:155:8 - unexpected_token
  error - Expected an identifier - lib\features\therapy\presentation\therapy_screen.dart:156:5 - missing_identifier
  error - Unexpected text ';' - lib\features\therapy\presentation\therapy_screen.dart:156:5 - unexpected_token
   info - Unnecessary empty statement - lib\features\therapy\presentation\therapy_screen.dart:156:6 - empty_statements
   info - 'withOpacity' is deprecated and shouldn't be used. Use .withValues() to avoid precision loss - lib\features\therapy\presentation\therapy_screen.dart:172:35 - deprecated_member_use
   info - 'withOpacity' is deprecated and shouldn't be used. Use .withValues() to avoid precision loss - lib\features\therapy\presentation\therapy_screen.dart:175:48 - deprecated_member_use
   info - 'withOpacity' is deprecated and shouldn't be used. Use .withValues() to avoid precision loss - lib\features\therapy\presentation\therapy_screen.dart:243:29 - deprecated_member_use
   info - 'withOpacity' is deprecated and shouldn't be used. Use .withValues() to avoid precision loss - lib\features\therapy\presentation\therapy_screen.dart:245:48 - deprecated_member_use
   info - 'withOpacity' is deprecated and shouldn't be used. Use .withValues() to avoid precision loss - lib\features\therapy\presentation\therapy_screen.dart:251:32 - deprecated_member_use

